// Jest Snapshot v1, https://goo.gl/fbAQLP

exports[`Columns Correctly update references On addition 1`] = `
Object {
  "A1": FormulaCell {
    "buildFormulaString": [Function],
    "compiledFormula": [Function],
    "dependencies": Array [
      Object {
        "invalidSheetName": undefined,
        "parts": Array [
          Object {
            "colFixed": false,
            "rowFixed": false,
          },
        ],
        "prefixSheet": false,
        "sheetId": "sheet1",
        "zone": Object {
          "bottom": 0,
          "left": 3,
          "right": 3,
          "top": 0,
        },
      },
    ],
    "evaluated": Object {
      "type": "empty",
      "value": null,
    },
    "format": undefined,
    "id": "2",
    "normalizedText": "=|0|",
    "style": undefined,
  },
  "A2": FormulaCell {
    "buildFormulaString": [Function],
    "compiledFormula": [Function],
    "dependencies": Array [
      Object {
        "invalidSheetName": undefined,
        "parts": Array [
          Object {
            "colFixed": false,
            "rowFixed": false,
          },
        ],
        "prefixSheet": true,
        "sheetId": "sheet1",
        "zone": Object {
          "bottom": 0,
          "left": 3,
          "right": 3,
          "top": 0,
        },
      },
    ],
    "evaluated": Object {
      "type": "empty",
      "value": null,
    },
    "format": undefined,
    "id": "3",
    "normalizedText": "=|0|",
    "style": undefined,
  },
  "A3": FormulaCell {
    "buildFormulaString": [Function],
    "compiledFormula": [Function],
    "dependencies": Array [
      Object {
        "invalidSheetName": undefined,
        "parts": Array [
          Object {
            "colFixed": false,
            "rowFixed": false,
          },
        ],
        "prefixSheet": true,
        "sheetId": "sheet2",
        "zone": Object {
          "bottom": 0,
          "left": 1,
          "right": 1,
          "top": 0,
        },
      },
    ],
    "evaluated": Object {
      "type": "empty",
      "value": null,
    },
    "format": undefined,
    "id": "4",
    "normalizedText": "=|0|",
    "style": undefined,
  },
  "F1": FormulaCell {
    "buildFormulaString": [Function],
    "compiledFormula": [Function],
    "dependencies": Array [
      Object {
        "invalidSheetName": undefined,
        "parts": Array [
          Object {
            "colFixed": false,
            "rowFixed": false,
          },
        ],
        "prefixSheet": false,
        "sheetId": "sheet1",
        "zone": Object {
          "bottom": 0,
          "left": 0,
          "right": 0,
          "top": 0,
        },
      },
    ],
    "evaluated": Object {
      "type": "empty",
      "value": null,
    },
    "format": undefined,
    "id": "5",
    "normalizedText": "=|0|",
    "style": undefined,
  },
  "F2": FormulaCell {
    "buildFormulaString": [Function],
    "compiledFormula": [Function],
    "dependencies": Array [
      Object {
        "invalidSheetName": undefined,
        "parts": Array [
          Object {
            "colFixed": false,
            "rowFixed": false,
          },
        ],
        "prefixSheet": false,
        "sheetId": "sheet1",
        "zone": Object {
          "bottom": 0,
          "left": 3,
          "right": 3,
          "top": 0,
        },
      },
    ],
    "evaluated": Object {
      "type": "empty",
      "value": null,
    },
    "format": undefined,
    "id": "6",
    "normalizedText": "=|0|",
    "style": undefined,
  },
  "F3": FormulaCell {
    "buildFormulaString": [Function],
    "compiledFormula": [Function],
    "dependencies": Array [
      Object {
        "invalidSheetName": undefined,
        "parts": Array [
          Object {
            "colFixed": true,
            "rowFixed": false,
          },
        ],
        "prefixSheet": false,
        "sheetId": "sheet1",
        "zone": Object {
          "bottom": 0,
          "left": 6,
          "right": 6,
          "top": 0,
        },
      },
    ],
    "evaluated": Object {
      "type": "empty",
      "value": null,
    },
    "format": undefined,
    "id": "7",
    "normalizedText": "=|0|",
    "style": undefined,
  },
  "F4": FormulaCell {
    "buildFormulaString": [Function],
    "compiledFormula": [Function],
    "dependencies": Array [
      Object {
        "invalidSheetName": undefined,
        "parts": Array [
          Object {
            "colFixed": false,
            "rowFixed": false,
          },
        ],
        "prefixSheet": false,
        "sheetId": "sheet1",
        "zone": Object {
          "bottom": 2,
          "left": 5,
          "right": 5,
          "top": 2,
        },
      },
    ],
    "evaluated": Object {
      "type": "empty",
      "value": null,
    },
    "format": undefined,
    "id": "8",
    "normalizedText": "=|0|",
    "style": undefined,
  },
}
`;

exports[`Columns Correctly update references On addition 2`] = `
Object {
  "A1": FormulaCell {
    "buildFormulaString": [Function],
    "compiledFormula": [Function],
    "dependencies": Array [
      Object {
        "invalidSheetName": undefined,
        "parts": Array [
          Object {
            "colFixed": false,
            "rowFixed": false,
          },
        ],
        "prefixSheet": false,
        "sheetId": "sheet2",
        "zone": Object {
          "bottom": 0,
          "left": 1,
          "right": 1,
          "top": 0,
        },
      },
    ],
    "evaluated": Object {
      "type": "text",
      "value": "Loading...",
    },
    "format": undefined,
    "id": "9",
    "normalizedText": "=|0|",
    "style": undefined,
  },
  "A2": FormulaCell {
    "buildFormulaString": [Function],
    "compiledFormula": [Function],
    "dependencies": Array [
      Object {
        "invalidSheetName": undefined,
        "parts": Array [
          Object {
            "colFixed": false,
            "rowFixed": false,
          },
        ],
        "prefixSheet": true,
        "sheetId": "sheet1",
        "zone": Object {
          "bottom": 0,
          "left": 3,
          "right": 3,
          "top": 0,
        },
      },
    ],
    "evaluated": Object {
      "type": "text",
      "value": "Loading...",
    },
    "format": undefined,
    "id": "10",
    "normalizedText": "=|0|",
    "style": undefined,
  },
  "A3": FormulaCell {
    "buildFormulaString": [Function],
    "compiledFormula": [Function],
    "dependencies": Array [
      Object {
        "invalidSheetName": undefined,
        "parts": Array [
          Object {
            "colFixed": false,
            "rowFixed": false,
          },
        ],
        "prefixSheet": true,
        "sheetId": "sheet2",
        "zone": Object {
          "bottom": 0,
          "left": 1,
          "right": 1,
          "top": 0,
        },
      },
    ],
    "evaluated": Object {
      "type": "text",
      "value": "Loading...",
    },
    "format": undefined,
    "id": "11",
    "normalizedText": "=|0|",
    "style": undefined,
  },
}
`;

exports[`Columns Correctly update references On deletion 1`] = `
Object {
  "A1": FormulaCell {
    "buildFormulaString": [Function],
    "compiledFormula": [Function],
    "dependencies": Array [
      Object {
        "invalidSheetName": undefined,
        "parts": Array [
          Object {
            "colFixed": false,
            "rowFixed": false,
          },
        ],
        "prefixSheet": false,
        "sheetId": "sheet1",
        "zone": Object {
          "bottom": 0,
          "left": 1,
          "right": 0,
          "top": 0,
        },
      },
    ],
    "evaluated": Object {
      "error": "invalid range B1:A1",
      "type": "error",
      "value": "#ERROR",
    },
    "format": undefined,
    "id": "2",
    "normalizedText": "=|0|",
    "style": undefined,
  },
  "A2": FormulaCell {
    "buildFormulaString": [Function],
    "compiledFormula": [Function],
    "dependencies": Array [
      Object {
        "invalidSheetName": undefined,
        "parts": Array [
          Object {
            "colFixed": false,
            "rowFixed": false,
          },
        ],
        "prefixSheet": true,
        "sheetId": "sheet1",
        "zone": Object {
          "bottom": 0,
          "left": 1,
          "right": 0,
          "top": 0,
        },
      },
    ],
    "evaluated": Object {
      "error": "invalid range B1:A1",
      "type": "error",
      "value": "#ERROR",
    },
    "format": undefined,
    "id": "3",
    "normalizedText": "=|0|",
    "style": undefined,
  },
  "A3": FormulaCell {
    "buildFormulaString": [Function],
    "compiledFormula": [Function],
    "dependencies": Array [
      Object {
        "invalidSheetName": undefined,
        "parts": Array [
          Object {
            "colFixed": false,
            "rowFixed": false,
          },
        ],
        "prefixSheet": true,
        "sheetId": "sheet2",
        "zone": Object {
          "bottom": 0,
          "left": 1,
          "right": 1,
          "top": 0,
        },
      },
    ],
    "evaluated": Object {
      "type": "empty",
      "value": null,
    },
    "format": undefined,
    "id": "4",
    "normalizedText": "=|0|",
    "style": undefined,
  },
  "B1": FormulaCell {
    "buildFormulaString": [Function],
    "compiledFormula": [Function],
    "dependencies": Array [
      Object {
        "invalidSheetName": undefined,
        "parts": Array [
          Object {
            "colFixed": false,
            "rowFixed": false,
          },
        ],
        "prefixSheet": false,
        "sheetId": "sheet1",
        "zone": Object {
          "bottom": 0,
          "left": 0,
          "right": 0,
          "top": 0,
        },
      },
    ],
    "evaluated": Object {
      "error": "This formula depends on invalid values",
      "type": "error",
      "value": "#ERROR",
    },
    "format": undefined,
    "id": "5",
    "normalizedText": "=|0|",
    "style": undefined,
  },
  "B2": FormulaCell {
    "buildFormulaString": [Function],
    "compiledFormula": [Function],
    "dependencies": Array [
      Object {
        "invalidSheetName": undefined,
        "parts": Array [
          Object {
            "colFixed": false,
            "rowFixed": false,
          },
        ],
        "prefixSheet": false,
        "sheetId": "sheet1",
        "zone": Object {
          "bottom": 0,
          "left": 1,
          "right": 0,
          "top": 0,
        },
      },
    ],
    "evaluated": Object {
      "error": "invalid range B1:A1",
      "type": "error",
      "value": "#ERROR",
    },
    "format": undefined,
    "id": "6",
    "normalizedText": "=|0|",
    "style": undefined,
  },
  "B3": FormulaCell {
    "buildFormulaString": [Function],
    "compiledFormula": [Function],
    "dependencies": Array [
      Object {
        "invalidSheetName": undefined,
        "parts": Array [
          Object {
            "colFixed": true,
            "rowFixed": false,
          },
        ],
        "prefixSheet": false,
        "sheetId": "sheet1",
        "zone": Object {
          "bottom": 0,
          "left": 2,
          "right": 2,
          "top": 0,
        },
      },
    ],
    "evaluated": Object {
      "type": "empty",
      "value": null,
    },
    "format": undefined,
    "id": "7",
    "normalizedText": "=|0|",
    "style": undefined,
  },
  "B4": FormulaCell {
    "buildFormulaString": [Function],
    "compiledFormula": [Function],
    "dependencies": Array [
      Object {
        "invalidSheetName": undefined,
        "parts": Array [
          Object {
            "colFixed": false,
            "rowFixed": false,
          },
        ],
        "prefixSheet": false,
        "sheetId": "sheet1",
        "zone": Object {
          "bottom": 2,
          "left": 1,
          "right": 1,
          "top": 2,
        },
      },
    ],
    "evaluated": Object {
      "type": "empty",
      "value": null,
    },
    "format": undefined,
    "id": "8",
    "normalizedText": "=|0|",
    "style": undefined,
  },
}
`;

exports[`Columns Correctly update references On deletion 2`] = `
Object {
  "A1": FormulaCell {
    "buildFormulaString": [Function],
    "compiledFormula": [Function],
    "dependencies": Array [
      Object {
        "invalidSheetName": undefined,
        "parts": Array [
          Object {
            "colFixed": false,
            "rowFixed": false,
          },
        ],
        "prefixSheet": false,
        "sheetId": "sheet2",
        "zone": Object {
          "bottom": 0,
          "left": 1,
          "right": 1,
          "top": 0,
        },
      },
    ],
    "evaluated": Object {
      "type": "text",
      "value": "Loading...",
    },
    "format": undefined,
    "id": "9",
    "normalizedText": "=|0|",
    "style": undefined,
  },
  "A2": FormulaCell {
    "buildFormulaString": [Function],
    "compiledFormula": [Function],
    "dependencies": Array [
      Object {
        "invalidSheetName": undefined,
        "parts": Array [
          Object {
            "colFixed": false,
            "rowFixed": false,
          },
        ],
        "prefixSheet": true,
        "sheetId": "sheet1",
        "zone": Object {
          "bottom": 0,
          "left": 1,
          "right": 0,
          "top": 0,
        },
      },
    ],
    "evaluated": Object {
      "type": "text",
      "value": "Loading...",
    },
    "format": undefined,
    "id": "10",
    "normalizedText": "=|0|",
    "style": undefined,
  },
  "A3": FormulaCell {
    "buildFormulaString": [Function],
    "compiledFormula": [Function],
    "dependencies": Array [
      Object {
        "invalidSheetName": undefined,
        "parts": Array [
          Object {
            "colFixed": false,
            "rowFixed": false,
          },
        ],
        "prefixSheet": true,
        "sheetId": "sheet2",
        "zone": Object {
          "bottom": 0,
          "left": 1,
          "right": 1,
          "top": 0,
        },
      },
    ],
    "evaluated": Object {
      "type": "text",
      "value": "Loading...",
    },
    "format": undefined,
    "id": "11",
    "normalizedText": "=|0|",
    "style": undefined,
  },
}
`;

exports[`Rows Correctly update references On addition 1`] = `
Object {
  "A1": FormulaCell {
    "buildFormulaString": [Function],
    "compiledFormula": [Function],
    "dependencies": Array [
      Object {
        "invalidSheetName": undefined,
        "parts": Array [
          Object {
            "colFixed": false,
            "rowFixed": false,
          },
        ],
        "prefixSheet": false,
        "sheetId": "sheet1",
        "zone": Object {
          "bottom": 3,
          "left": 0,
          "right": 0,
          "top": 3,
        },
      },
    ],
    "evaluated": Object {
      "type": "empty",
      "value": null,
    },
    "format": undefined,
    "id": "2",
    "normalizedText": "=|0|",
    "style": undefined,
  },
  "A6": FormulaCell {
    "buildFormulaString": [Function],
    "compiledFormula": [Function],
    "dependencies": Array [
      Object {
        "invalidSheetName": undefined,
        "parts": Array [
          Object {
            "colFixed": false,
            "rowFixed": false,
          },
        ],
        "prefixSheet": false,
        "sheetId": "sheet1",
        "zone": Object {
          "bottom": 0,
          "left": 0,
          "right": 0,
          "top": 0,
        },
      },
    ],
    "evaluated": Object {
      "type": "empty",
      "value": null,
    },
    "format": undefined,
    "id": "3",
    "normalizedText": "=|0|",
    "style": undefined,
  },
  "B1": FormulaCell {
    "buildFormulaString": [Function],
    "compiledFormula": [Function],
    "dependencies": Array [
      Object {
        "invalidSheetName": undefined,
        "parts": Array [
          Object {
            "colFixed": false,
            "rowFixed": false,
          },
        ],
        "prefixSheet": true,
        "sheetId": "sheet1",
        "zone": Object {
          "bottom": 3,
          "left": 0,
          "right": 0,
          "top": 3,
        },
      },
    ],
    "evaluated": Object {
      "type": "empty",
      "value": null,
    },
    "format": undefined,
    "id": "4",
    "normalizedText": "=|0|",
    "style": undefined,
  },
  "B6": FormulaCell {
    "buildFormulaString": [Function],
    "compiledFormula": [Function],
    "dependencies": Array [
      Object {
        "invalidSheetName": undefined,
        "parts": Array [
          Object {
            "colFixed": false,
            "rowFixed": false,
          },
        ],
        "prefixSheet": false,
        "sheetId": "sheet1",
        "zone": Object {
          "bottom": 0,
          "left": 1,
          "right": 1,
          "top": 0,
        },
      },
    ],
    "evaluated": Object {
      "type": "empty",
      "value": null,
    },
    "format": undefined,
    "id": "5",
    "normalizedText": "=|0|",
    "style": undefined,
  },
  "C1": FormulaCell {
    "buildFormulaString": [Function],
    "compiledFormula": [Function],
    "dependencies": Array [
      Object {
        "invalidSheetName": undefined,
        "parts": Array [
          Object {
            "colFixed": false,
            "rowFixed": false,
          },
        ],
        "prefixSheet": true,
        "sheetId": "sheet2",
        "zone": Object {
          "bottom": 1,
          "left": 0,
          "right": 0,
          "top": 1,
        },
      },
    ],
    "evaluated": Object {
      "type": "empty",
      "value": null,
    },
    "format": undefined,
    "id": "6",
    "normalizedText": "=|0|",
    "style": undefined,
  },
  "C6": FormulaCell {
    "buildFormulaString": [Function],
    "compiledFormula": [Function],
    "dependencies": Array [
      Object {
        "invalidSheetName": undefined,
        "parts": Array [
          Object {
            "colFixed": false,
            "rowFixed": true,
          },
        ],
        "prefixSheet": false,
        "sheetId": "sheet1",
        "zone": Object {
          "bottom": 6,
          "left": 0,
          "right": 0,
          "top": 6,
        },
      },
    ],
    "evaluated": Object {
      "type": "empty",
      "value": null,
    },
    "format": undefined,
    "id": "7",
    "normalizedText": "=|0|",
    "style": undefined,
  },
  "D6": FormulaCell {
    "buildFormulaString": [Function],
    "compiledFormula": [Function],
    "dependencies": Array [
      Object {
        "invalidSheetName": undefined,
        "parts": Array [
          Object {
            "colFixed": false,
            "rowFixed": false,
          },
        ],
        "prefixSheet": false,
        "sheetId": "sheet1",
        "zone": Object {
          "bottom": 5,
          "left": 2,
          "right": 2,
          "top": 5,
        },
      },
    ],
    "evaluated": Object {
      "type": "empty",
      "value": null,
    },
    "format": undefined,
    "id": "8",
    "normalizedText": "=|0|",
    "style": undefined,
  },
}
`;

exports[`Rows Correctly update references On addition 2`] = `
Object {
  "A1": FormulaCell {
    "buildFormulaString": [Function],
    "compiledFormula": [Function],
    "dependencies": Array [
      Object {
        "invalidSheetName": undefined,
        "parts": Array [
          Object {
            "colFixed": false,
            "rowFixed": false,
          },
        ],
        "prefixSheet": false,
        "sheetId": "sheet2",
        "zone": Object {
          "bottom": 1,
          "left": 0,
          "right": 0,
          "top": 1,
        },
      },
    ],
    "evaluated": Object {
      "type": "text",
      "value": "Loading...",
    },
    "format": undefined,
    "id": "9",
    "normalizedText": "=|0|",
    "style": undefined,
  },
  "B1": FormulaCell {
    "buildFormulaString": [Function],
    "compiledFormula": [Function],
    "dependencies": Array [
      Object {
        "invalidSheetName": undefined,
        "parts": Array [
          Object {
            "colFixed": false,
            "rowFixed": false,
          },
        ],
        "prefixSheet": true,
        "sheetId": "sheet1",
        "zone": Object {
          "bottom": 3,
          "left": 0,
          "right": 0,
          "top": 3,
        },
      },
    ],
    "evaluated": Object {
      "type": "text",
      "value": "Loading...",
    },
    "format": undefined,
    "id": "10",
    "normalizedText": "=|0|",
    "style": undefined,
  },
  "C1": FormulaCell {
    "buildFormulaString": [Function],
    "compiledFormula": [Function],
    "dependencies": Array [
      Object {
        "invalidSheetName": undefined,
        "parts": Array [
          Object {
            "colFixed": false,
            "rowFixed": false,
          },
        ],
        "prefixSheet": true,
        "sheetId": "sheet2",
        "zone": Object {
          "bottom": 1,
          "left": 0,
          "right": 0,
          "top": 1,
        },
      },
    ],
    "evaluated": Object {
      "type": "text",
      "value": "Loading...",
    },
    "format": undefined,
    "id": "11",
    "normalizedText": "=|0|",
    "style": undefined,
  },
}
`;

exports[`Rows Correctly update references On deletion 1`] = `
Object {
  "A1": FormulaCell {
    "buildFormulaString": [Function],
    "compiledFormula": [Function],
    "dependencies": Array [
      Object {
        "invalidSheetName": undefined,
        "parts": Array [
          Object {
            "colFixed": false,
            "rowFixed": false,
          },
        ],
        "prefixSheet": false,
        "sheetId": "sheet1",
        "zone": Object {
          "bottom": 0,
          "left": 0,
          "right": 0,
          "top": 1,
        },
      },
    ],
    "evaluated": Object {
      "error": "invalid range A2:A1",
      "type": "error",
      "value": "#ERROR",
    },
    "format": undefined,
    "id": "2",
    "normalizedText": "=|0|",
    "style": undefined,
  },
  "A2": FormulaCell {
    "buildFormulaString": [Function],
    "compiledFormula": [Function],
    "dependencies": Array [
      Object {
        "invalidSheetName": undefined,
        "parts": Array [
          Object {
            "colFixed": false,
            "rowFixed": false,
          },
        ],
        "prefixSheet": false,
        "sheetId": "sheet1",
        "zone": Object {
          "bottom": 0,
          "left": 0,
          "right": 0,
          "top": 0,
        },
      },
    ],
    "evaluated": Object {
      "error": "This formula depends on invalid values",
      "type": "error",
      "value": "#ERROR",
    },
    "format": undefined,
    "id": "3",
    "normalizedText": "=|0|",
    "style": undefined,
  },
  "B1": FormulaCell {
    "buildFormulaString": [Function],
    "compiledFormula": [Function],
    "dependencies": Array [
      Object {
        "invalidSheetName": undefined,
        "parts": Array [
          Object {
            "colFixed": false,
            "rowFixed": false,
          },
        ],
        "prefixSheet": true,
        "sheetId": "sheet1",
        "zone": Object {
          "bottom": 0,
          "left": 0,
          "right": 0,
          "top": 1,
        },
      },
    ],
    "evaluated": Object {
      "error": "invalid range A2:A1",
      "type": "error",
      "value": "#ERROR",
    },
    "format": undefined,
    "id": "4",
    "normalizedText": "=|0|",
    "style": undefined,
  },
  "B2": FormulaCell {
    "buildFormulaString": [Function],
    "compiledFormula": [Function],
    "dependencies": Array [
      Object {
        "invalidSheetName": undefined,
        "parts": Array [
          Object {
            "colFixed": false,
            "rowFixed": false,
          },
        ],
        "prefixSheet": false,
        "sheetId": "sheet1",
        "zone": Object {
          "bottom": 0,
          "left": 1,
          "right": 1,
          "top": 0,
        },
      },
    ],
    "evaluated": Object {
      "error": "This formula depends on invalid values",
      "type": "error",
      "value": "#ERROR",
    },
    "format": undefined,
    "id": "5",
    "normalizedText": "=|0|",
    "style": undefined,
  },
  "C1": FormulaCell {
    "buildFormulaString": [Function],
    "compiledFormula": [Function],
    "dependencies": Array [
      Object {
        "invalidSheetName": undefined,
        "parts": Array [
          Object {
            "colFixed": false,
            "rowFixed": false,
          },
        ],
        "prefixSheet": true,
        "sheetId": "sheet2",
        "zone": Object {
          "bottom": 1,
          "left": 0,
          "right": 0,
          "top": 1,
        },
      },
    ],
    "evaluated": Object {
      "type": "empty",
      "value": null,
    },
    "format": undefined,
    "id": "6",
    "normalizedText": "=|0|",
    "style": undefined,
  },
  "C2": FormulaCell {
    "buildFormulaString": [Function],
    "compiledFormula": [Function],
    "dependencies": Array [
      Object {
        "invalidSheetName": undefined,
        "parts": Array [
          Object {
            "colFixed": false,
            "rowFixed": true,
          },
        ],
        "prefixSheet": false,
        "sheetId": "sheet1",
        "zone": Object {
          "bottom": 2,
          "left": 0,
          "right": 0,
          "top": 2,
        },
      },
    ],
    "evaluated": Object {
      "type": "empty",
      "value": null,
    },
    "format": undefined,
    "id": "7",
    "normalizedText": "=|0|",
    "style": undefined,
  },
  "D2": FormulaCell {
    "buildFormulaString": [Function],
    "compiledFormula": [Function],
    "dependencies": Array [
      Object {
        "invalidSheetName": undefined,
        "parts": Array [
          Object {
            "colFixed": false,
            "rowFixed": false,
          },
        ],
        "prefixSheet": false,
        "sheetId": "sheet1",
        "zone": Object {
          "bottom": 1,
          "left": 2,
          "right": 2,
          "top": 1,
        },
      },
    ],
    "evaluated": Object {
      "type": "empty",
      "value": null,
    },
    "format": undefined,
    "id": "8",
    "normalizedText": "=|0|",
    "style": undefined,
  },
}
`;

exports[`Rows Correctly update references On deletion 2`] = `
Object {
  "A1": FormulaCell {
    "buildFormulaString": [Function],
    "compiledFormula": [Function],
    "dependencies": Array [
      Object {
        "invalidSheetName": undefined,
        "parts": Array [
          Object {
            "colFixed": false,
            "rowFixed": false,
          },
        ],
        "prefixSheet": false,
        "sheetId": "sheet2",
        "zone": Object {
          "bottom": 1,
          "left": 0,
          "right": 0,
          "top": 1,
        },
      },
    ],
    "evaluated": Object {
      "type": "text",
      "value": "Loading...",
    },
    "format": undefined,
    "id": "9",
    "normalizedText": "=|0|",
    "style": undefined,
  },
  "B1": FormulaCell {
    "buildFormulaString": [Function],
    "compiledFormula": [Function],
    "dependencies": Array [
      Object {
        "invalidSheetName": undefined,
        "parts": Array [
          Object {
            "colFixed": false,
            "rowFixed": false,
          },
        ],
        "prefixSheet": true,
        "sheetId": "sheet1",
        "zone": Object {
          "bottom": 0,
          "left": 0,
          "right": 0,
          "top": 1,
        },
      },
    ],
    "evaluated": Object {
      "type": "text",
      "value": "Loading...",
    },
    "format": undefined,
    "id": "10",
    "normalizedText": "=|0|",
    "style": undefined,
  },
  "C1": FormulaCell {
    "buildFormulaString": [Function],
    "compiledFormula": [Function],
    "dependencies": Array [
      Object {
        "invalidSheetName": undefined,
        "parts": Array [
          Object {
            "colFixed": false,
            "rowFixed": false,
          },
        ],
        "prefixSheet": true,
        "sheetId": "sheet2",
        "zone": Object {
          "bottom": 1,
          "left": 0,
          "right": 0,
          "top": 1,
        },
      },
    ],
    "evaluated": Object {
      "type": "text",
      "value": "Loading...",
    },
    "format": undefined,
    "id": "11",
    "normalizedText": "=|0|",
    "style": undefined,
  },
}
`;

exports[`Rows Correctly update references delete row on inactive sheet 1`] = `
Object {
  "B2": FormulaCell {
    "buildFormulaString": [Function],
    "compiledFormula": [Function],
    "dependencies": Array [
      Object {
        "invalidSheetName": undefined,
        "parts": Array [
          Object {
            "colFixed": false,
            "rowFixed": false,
          },
        ],
        "prefixSheet": true,
        "sheetId": "s1",
        "zone": Object {
          "bottom": 1,
          "left": 0,
          "right": 0,
          "top": 1,
        },
      },
    ],
    "evaluated": Object {
      "type": "empty",
      "value": null,
    },
    "format": undefined,
    "id": "13",
    "normalizedText": "=|0|",
    "style": undefined,
  },
  "C1": FormulaCell {
    "buildFormulaString": [Function],
    "compiledFormula": [Function],
    "dependencies": Array [
      Object {
        "invalidSheetName": undefined,
        "parts": Array [
          Object {
            "colFixed": false,
            "rowFixed": false,
          },
        ],
        "prefixSheet": true,
        "sheetId": "s2",
        "zone": Object {
          "bottom": 0,
          "left": 0,
          "right": 0,
          "top": 0,
        },
      },
    ],
    "evaluated": Object {
      "type": "empty",
      "value": null,
    },
    "format": undefined,
    "id": "14",
    "normalizedText": "=|0|",
    "style": undefined,
  },
}
`;

exports[`Rows Correctly update references delete row on inactive sheet 2`] = `
Object {
  "A1": FormulaCell {
    "buildFormulaString": [Function],
    "compiledFormula": [Function],
    "dependencies": Array [
      Object {
        "invalidSheetName": undefined,
        "parts": Array [
          Object {
            "colFixed": false,
            "rowFixed": false,
          },
        ],
        "prefixSheet": false,
        "sheetId": "s2",
        "zone": Object {
          "bottom": 0,
          "left": 1,
          "right": 1,
          "top": 0,
        },
      },
    ],
    "evaluated": Object {
      "type": "empty",
      "value": null,
    },
    "format": undefined,
    "id": "15",
    "normalizedText": "=|0|",
    "style": undefined,
  },
  "B1": FormulaCell {
    "buildFormulaString": [Function],
    "compiledFormula": [Function],
    "dependencies": Array [
      Object {
        "invalidSheetName": undefined,
        "parts": Array [
          Object {
            "colFixed": false,
            "rowFixed": false,
          },
        ],
        "prefixSheet": true,
        "sheetId": "s1",
        "zone": Object {
          "bottom": 1,
          "left": 0,
          "right": 0,
          "top": 1,
        },
      },
    ],
    "evaluated": Object {
      "type": "empty",
      "value": null,
    },
    "format": undefined,
    "id": "16",
    "normalizedText": "=|0|",
    "style": undefined,
  },
  "C1": FormulaCell {
    "buildFormulaString": [Function],
    "compiledFormula": [Function],
    "dependencies": Array [
      Object {
        "invalidSheetName": undefined,
        "parts": Array [
          Object {
            "colFixed": false,
            "rowFixed": false,
          },
        ],
        "prefixSheet": true,
        "sheetId": "s2",
        "zone": Object {
          "bottom": 0,
          "left": 0,
          "right": 0,
          "top": 0,
        },
      },
    ],
    "evaluated": Object {
      "type": "text",
      "value": "Loading...",
    },
    "format": undefined,
    "id": "17",
    "normalizedText": "=|0|",
    "style": undefined,
  },
}
`;
