// Jest Snapshot v1, https://goo.gl/fbAQLP

exports[`Functions autocomplete autocomplete simple snapshot with =S 1`] = `
<div
  class="o-autocomplete-dropdown pe-none bg-white"
  style="box-shadow: 0 1px 4px 3px rgba(60, 64, 67, 0.15);"
>
  <div
    class="o-autocomplete-value-focus d-flex flex-column px-2 py-1 bg-light"
  >
    <div
      class="o-autocomplete-value d-flex flex-column px-2 py-1"
    >
      SUM
    </div>
    <div
      class="o-autocomplete-description overflow-hidden ps-2 text-truncate fs-6 text-nowrap"
    >
      do sum
    </div>
    
  </div>
  <div
    class="px-2 py-1"
  >
    <div
      class="o-autocomplete-value d-flex flex-column px-2 py-1"
    >
      SZZ
    </div>
    
  </div>
  
</div>
`;
