// Jest Snapshot v1, https://goo.gl/fbAQLP

exports[`Functions autocomplete autocomplete simple snapshot with =S 1`] = `null`;
