// Jest Snapshot v1, https://goo.gl/fbAQLP

exports[`Bottombar simple rendering 1`] = `
<div
  class="o-spreadsheet-bottom-bar"
>
  <div
    class="o-sheet-item o-add-sheet"
  >
    <svg
      class="o-icon"
    >
      <path
        d="M8,0 L10,0 L10,8 L18,8 L18,10 L10,10 L10,18 L8,18 L8,10 L0,10 L0,8 L8,8"
        fill="#000000"
      />
    </svg>
  </div>
  <div
    class="o-sheet-item o-list-sheets"
  >
    <svg
      class="o-icon"
      viewBox="0 0 384 384"
    >
      <rect
        height="42.667"
        width="384"
        x="0"
        y="277.333"
      />
      <rect
        height="42.667"
        width="384"
        x="0"
        y="170.667"
      />
      <rect
        height="42.667"
        width="384"
        x="0"
        y="64"
      />
    </svg>
  </div>
  <div
    class="o-all-sheets"
  >
    <div
      class="o-sheet-item o-sheet active"
      data-id="89"
      title="Sheet1"
    >
      <span
        class="o-sheet-name"
      >
        Sheet1
      </span>
      <span
        class="o-sheet-icon"
      >
        <svg
          class="o-icon"
        >
          <polygon
            fill="#000000"
            points="0 0 4 4 8 0"
            transform="translate(5 7)"
          />
        </svg>
      </span>
    </div>
  </div>
</div>
`;

exports[`Context Menu context menu simple rendering 1`] = `
<div
  class="o-menu"
  style="top:200px;left:300px;max-height:1000px"
>
  <div
    class="o-menu-item"
    data-name="cut"
    title="Cut"
  >
    Cut
  </div>
  <div
    class="o-menu-item"
    data-name="copy"
    title="Copy"
  >
    Copy
  </div>
  <div
    class="o-menu-item"
    data-name="paste"
    title="Paste"
  >
    Paste
  </div>
  <div
    class="o-menu-item o-menu-root o-separator"
    data-name="paste_special"
    title="Paste special"
  >
    Paste special
    <svg
      class="o-icon"
    >
      <polygon
        fill="#000000"
        points="0 0 4 4 0 8"
        transform="translate(5 3)"
      />
    </svg>
  </div>
  <div
    class="o-menu-item"
    data-name="add_row_before"
    title="Insert row"
  >
    Insert row
  </div>
  <div
    class="o-menu-item o-separator"
    data-name="add_column_before"
    title="Insert column"
  >
    Insert column
  </div>
  <div
    class="o-menu-item"
    data-name="delete_row"
    title="Delete row 8"
  >
    Delete row 8
  </div>
  <div
    class="o-menu-item o-separator"
    data-name="delete_column"
    title="Delete column C"
  >
    Delete column C
  </div>
  <div
    class="o-menu-item disabled"
    data-name="clear_cell"
    title="Clear cell"
  >
    Clear cell
  </div>
  <div
    class="o-menu-item"
    data-name="conditional_formatting"
    title="Conditional formatting"
  >
    Conditional formatting
  </div>
</div>
`;
