// Jest Snapshot v1, https://goo.gl/fbAQLP

exports[`UI of conditional formats Conditional format list simple snapshot 1`] = `
<div
  class="o-sidePanel d-flex flex-column border-start bg-white"
>
  <div
    class="o-sidePanelHeader d-flex justify-content-between align-items-center p-2 border-bottom fw-bold"
  >
    <div
      class="o-sidePanelTitle px-2 py-1 text-secondary fw-bold"
    >
      Conditional formatting
    </div>
    <div
      class="o-sidePanelClose btn btn-secondary"
    >
       Ã— 
    </div>
  </div>
  <div
    class="o-sidePanelBody overflow-auto w-100 h-100"
  >
    <div
      class="o-cf"
    >
      <div
        class="o-cf-preview-list"
      >
        <div>
          <div
            class="o-cf-preview d-flex p-3 position-relative bg-white border-bottom cursor-pointer"
          >
            
            <div
              class="o-cf-preview-image d-flex justify-content-center align-items-center"
              style="font-weight:normal;
               text-decoration:none;
               font-style:normal;
               color:none;
               background-color:#FF0000;"
            >
               123 
            </div>
            
            <div
              class="o-cf-preview-description position-relative my-auto ms-5"
            >
              <div
                class="o-cf-preview-ruletype"
              >
                <div
                  class="o-cf-preview-description-rule text-truncate fw-bold"
                >
                  Is equal to 2
                </div>
              </div>
              <div
                class="o-cf-preview-range text-truncate fs-6"
              >
                A1:A2
              </div>
            </div>
            
            <div
              class="o-cf-delete text-secondary d-flex flex-grow-1 justify-content-end align-items-center"
            >
              <div
                aria-label="Remove rule"
                class="o-cf-delete-button"
              >
                <svg
                  class="o-cf-icon trash"
                  viewBox="0 0 448 512"
                >
                  <path
                    d="M432 32H312l-9.4-18.7A24 24 0 0 0 281.1 0H166.8a23.72 23.72 0 0 0-21.4 13.3L136 32H16A16 16 0 0 0 0 48v32a16 16 0 0 0 16 16h416a16 16 0 0 0 16-16V48a16 16 0 0 0-16-16zM53.2 467a48 48 0 0 0 47.9 45h245.8a48 48 0 0 0 47.9-45L416 128H32z"
                    fill="currentColor"
                  />
                </svg>
              </div>
            </div>
            
          </div>
        </div>
        <div>
          <div
            class="o-cf-preview d-flex p-3 position-relative bg-white border-bottom cursor-pointer"
          >
            
            <div
              class="o-cf-preview-image d-flex justify-content-center align-items-center"
              style="background-image: linear-gradient(to right, #FF00FF, #123456)"
            >
               123 
            </div>
            
            <div
              class="o-cf-preview-description position-relative my-auto ms-5"
            >
              <div
                class="o-cf-preview-ruletype"
              >
                <div
                  class="o-cf-preview-description-rule text-truncate fw-bold"
                >
                  Color scale
                </div>
              </div>
              <div
                class="o-cf-preview-range text-truncate fs-6"
              >
                B1:B5
              </div>
            </div>
            
            <div
              class="o-cf-delete text-secondary d-flex flex-grow-1 justify-content-end align-items-center"
            >
              <div
                aria-label="Remove rule"
                class="o-cf-delete-button"
              >
                <svg
                  class="o-cf-icon trash"
                  viewBox="0 0 448 512"
                >
                  <path
                    d="M432 32H312l-9.4-18.7A24 24 0 0 0 281.1 0H166.8a23.72 23.72 0 0 0-21.4 13.3L136 32H16A16 16 0 0 0 0 48v32a16 16 0 0 0 16 16h416a16 16 0 0 0 16-16V48a16 16 0 0 0-16-16zM53.2 467a48 48 0 0 0 47.9 45h245.8a48 48 0 0 0 47.9-45L416 128H32z"
                    fill="currentColor"
                  />
                </svg>
              </div>
            </div>
            
          </div>
        </div>
        
      </div>
      <div
        class="d-flex justify-content-around align-items-center"
      >
        <div
          class="btn btn-link o-cf-btn-link o-cf-add p-3 fs-5 text-decoration-none"
        >
           + Add another rule 
        </div>
        <div
          class="btn btn-link o-cf-btn-link o-cf-reorder p-3 fs-5 text-decoration-none"
        >
           Reorder rules 
        </div>
        
        
      </div>
      
      
      
    </div>
  </div>
  
</div>
`;
