// Jest Snapshot v1, https://goo.gl/fbAQLP

exports[`Context Menu context menu simple rendering 1`] = `
<div
  class="o-menu bg-white py-1"
>
  <div
    class="o-menu-item cursor-pointer user-select-none d-flex justify-content-between align-items-center px-2 py-1"
    data-name="cut"
    title="Cut"
  >
    <span
      class="o-menu-item-name overflow-hidden text-nowrap text-truncate"
    >
      Cut
    </span>
    <span
      class="o-menu-item-description"
    >
      Ctrl+X
    </span>
    
    
    
  </div>
  
  <div
    class="o-menu-item cursor-pointer user-select-none d-flex justify-content-between align-items-center px-2 py-1"
    data-name="copy"
    title="Copy"
  >
    <span
      class="o-menu-item-name overflow-hidden text-nowrap text-truncate"
    >
      Copy
    </span>
    <span
      class="o-menu-item-description"
    >
      Ctrl+C
    </span>
    
    
    
  </div>
  
  <div
    class="o-menu-item cursor-pointer user-select-none d-flex justify-content-between align-items-center px-2 py-1"
    data-name="paste"
    title="Paste"
  >
    <span
      class="o-menu-item-name overflow-hidden text-nowrap text-truncate"
    >
      Paste
    </span>
    <span
      class="o-menu-item-description"
    >
      Ctrl+V
    </span>
    
    
    
  </div>
  
  <div
    class="o-menu-item cursor-pointer user-select-none d-flex justify-content-between align-items-center px-2 py-1 o-menu-root"
    data-name="paste_special"
    title="Paste special"
  >
    <span
      class="o-menu-item-name overflow-hidden text-nowrap text-truncate"
    >
      Paste special
    </span>
    
    <span>
      <svg
        class="o-icon"
      >
        <polygon
          fill="#000000"
          points="0 0 4 4 0 8"
          transform="translate(5 5)"
        />
      </svg>
    </span>
    
    
  </div>
  <div
    class="o-separator"
  />
  <div
    class="o-menu-item cursor-pointer user-select-none d-flex justify-content-between align-items-center px-2 py-1"
    data-name="add_row_before"
    title="Insert row"
  >
    <span
      class="o-menu-item-name overflow-hidden text-nowrap text-truncate"
    >
      Insert row
    </span>
    
    
    
  </div>
  
  <div
    class="o-menu-item cursor-pointer user-select-none d-flex justify-content-between align-items-center px-2 py-1"
    data-name="add_column_before"
    title="Insert column"
  >
    <span
      class="o-menu-item-name overflow-hidden text-nowrap text-truncate"
    >
      Insert column
    </span>
    
    
    
  </div>
  
  <div
    class="o-menu-item cursor-pointer user-select-none d-flex justify-content-between align-items-center px-2 py-1 o-menu-root"
    data-name="insert_cell"
    title="Insert cells"
  >
    <span
      class="o-menu-item-name overflow-hidden text-nowrap text-truncate"
    >
      Insert cells
    </span>
    
    <span>
      <svg
        class="o-icon"
      >
        <polygon
          fill="#000000"
          points="0 0 4 4 0 8"
          transform="translate(5 5)"
        />
      </svg>
    </span>
    
    
  </div>
  <div
    class="o-separator"
  />
  <div
    class="o-menu-item cursor-pointer user-select-none d-flex justify-content-between align-items-center px-2 py-1"
    data-name="delete_row"
    title="Delete row 8"
  >
    <span
      class="o-menu-item-name overflow-hidden text-nowrap text-truncate"
    >
      Delete row 8
    </span>
    
    
    
  </div>
  
  <div
    class="o-menu-item cursor-pointer user-select-none d-flex justify-content-between align-items-center px-2 py-1"
    data-name="delete_column"
    title="Delete column C"
  >
    <span
      class="o-menu-item-name overflow-hidden text-nowrap text-truncate"
    >
      Delete column C
    </span>
    
    
    
  </div>
  
  <div
    class="o-menu-item cursor-pointer user-select-none d-flex justify-content-between align-items-center px-2 py-1 o-menu-root"
    data-name="delete_cell"
    title="Delete cells"
  >
    <span
      class="o-menu-item-name overflow-hidden text-nowrap text-truncate"
    >
      Delete cells
    </span>
    
    <span>
      <svg
        class="o-icon"
      >
        <polygon
          fill="#000000"
          points="0 0 4 4 0 8"
          transform="translate(5 5)"
        />
      </svg>
    </span>
    
    
  </div>
  
  <div
    class="o-menu-item cursor-pointer user-select-none d-flex justify-content-between align-items-center px-2 py-1"
    data-name="insert_link"
    title="Insert link"
  >
    <span
      class="o-menu-item-name overflow-hidden text-nowrap text-truncate"
    >
      Insert link
    </span>
    
    
    
  </div>
  
  
</div>
`;
