// Jest Snapshot v1, https://goo.gl/fbAQLP

exports[`Grid component in dashboard mode simple dashboard rendering snapshot 1`] = `
<div
  class="o-grid o-two-columns"
  tabindex="-1"
>
  <div
    class="o-grid-overlay"
    style="
      top: 0px;
      left: 0px;
      height: calc(100% - 0px);
      width: calc(100% - 0px);
    "
  >
    <!-- TODO remove sidePanelIsOpen props. It is wrong.
      If you have a CF sidepanel open, selecting a figure should
      not open the figure side panel -->
    <div>
      
    </div>
    
  </div>
  
  
  
  <canvas
    height="985"
    style="width:985px;height:985px;"
    width="985"
  />
  
  
  
  
  
  
  
  <div
    class="o-scrollbar vertical"
    style="
      width: 0px;
      top: 0px;"
  >
    <div
      style="width:1px;height:2328px"
    />
  </div>
  <div
    class="o-scrollbar horizontal"
    style="
      width: 0px;
      left: 0px;"
  >
    <div
      style="height:1px;width:2592px"
    />
  </div>
  <div
    class="o-scrollbar corner"
  />
</div>
`;
